// Jest Snapshot v1, https://goo.gl/fbAQLP

exports[`request mapping should match snapshot 1`] = `
"{
    \\"version\\": \\"2018-05-29\\",
    \\"operation\\": \\"Invoke\\",
    \\"payload\\": {
      \\"userEmailAddresses\\": [\\"me@example.com\\"],
    }
  }"
`;

exports[`response mapping should match snapshot 1`] = `
Object {
  "any": "data",
}
`;
